// Jest Snapshot v1, https://goo.gl/fbAQLP

exports[`Pruebas del componentes GiftGridItem.js Se debe de renderizar GiftGridItem correctamente 1`] = `
<div
  className="card animate__animated animate__swing"
>
  <img
    alt="Esto es un titulo"
    src="Esto es una url"
  />
  <p>
    Esto es un titulo
  </p>
</div>
`;
